// Jest Snapshot v1, https://goo.gl/fbAQLP

exports[`RestBtn should render 1`] = `
Object {
  "instance": null,
  "nodeType": "component",
  "props": Object {
    "readOnly": false,
    "restSeconds": 35,
  },
  "rendered": Object {
    "instance": null,
    "nodeType": "host",
    "props": Object {
      "children": Array [
        <FontAwesomeIcon
          beat={false}
          beatFade={false}
          border={false}
          bounce={false}
          className=""
          fade={false}
          fixedWidth={false}
          flip={false}
          icon={
            Object {
              "icon": Array [
                384,
                512,
                Array [
                  9203,
                  62032,
                  "hourglass-empty",
                ],
                "f254",
                "M0 32C0 14.3 14.3 0 32 0H64 320h32c17.7 0 32 14.3 32 32s-14.3 32-32 32V75c0 42.4-16.9 83.1-46.9 113.1L237.3 256l67.9 67.9c30 30 46.9 70.7 46.9 113.1v11c17.7 0 32 14.3 32 32s-14.3 32-32 32H320 64 32c-17.7 0-32-14.3-32-32s14.3-32 32-32V437c0-42.4 16.9-83.1 46.9-113.1L146.7 256 78.9 188.1C48.9 158.1 32 117.4 32 75V64C14.3 64 0 49.7 0 32zM96 64V75c0 25.5 10.1 49.9 28.1 67.9L192 210.7l67.9-67.9c18-18 28.1-42.4 28.1-67.9V64H96zm0 384H288V437c0-25.5-10.1-49.9-28.1-67.9L192 301.3l-67.9 67.9c-18 18-28.1 42.4-28.1 67.9v11z",
              ],
              "iconName": "hourglass",
              "prefix": "fas",
            }
          }
          inverse={false}
          listItem={false}
          mask={null}
          maskId={null}
          pull={null}
          pulse={false}
          rotation={null}
          shake={false}
          size="xs"
          spin={false}
          spinPulse={false}
          spinReverse={false}
          swapOpacity={false}
          symbol={false}
          title=""
          titleId={null}
          transform={null}
        />,
        <span
          className="mx-1"
        >
          35s
        </span>,
      ],
      "className": "m-1 rounded-full text-white  enabled:hover:scale-110 hover:bg-ecru hover:text-white bg-chinarose py-1 px-2 md:p-3 md:px-3 transition   leading-5 focus:outline-none disabled:bg-gray-400",
      "disabled": false,
      "onClick": [Function],
    },
    "rendered": Array [
      Object {
        "instance": null,
        "nodeType": "host",
        "props": Object {
          "aria-hidden": "true",
          "children": <path
            d="M0 32C0 14.3 14.3 0 32 0H64 320h32c17.7 0 32 14.3 32 32s-14.3 32-32 32V75c0 42.4-16.9 83.1-46.9 113.1L237.3 256l67.9 67.9c30 30 46.9 70.7 46.9 113.1v11c17.7 0 32 14.3 32 32s-14.3 32-32 32H320 64 32c-17.7 0-32-14.3-32-32s14.3-32 32-32V437c0-42.4 16.9-83.1 46.9-113.1L146.7 256 78.9 188.1C48.9 158.1 32 117.4 32 75V64C14.3 64 0 49.7 0 32zM96 64V75c0 25.5 10.1 49.9 28.1 67.9L192 210.7l67.9-67.9c18-18 28.1-42.4 28.1-67.9V64H96zm0 384H288V437c0-25.5-10.1-49.9-28.1-67.9L192 301.3l-67.9 67.9c-18 18-28.1 42.4-28.1 67.9v11z"
            fill="currentColor"
            style={Object {}}
          />,
          "className": "svg-inline--fa fa-hourglass fa-xs ",
          "data-icon": "hourglass",
          "data-prefix": "fas",
          "focusable": "false",
          "role": "img",
          "style": Object {},
          "viewBox": "0 0 384 512",
          "xmlns": "http://www.w3.org/2000/svg",
        },
        "rendered": Array [
          Object {
            "instance": null,
            "nodeType": "host",
            "props": Object {
              "d": "M0 32C0 14.3 14.3 0 32 0H64 320h32c17.7 0 32 14.3 32 32s-14.3 32-32 32V75c0 42.4-16.9 83.1-46.9 113.1L237.3 256l67.9 67.9c30 30 46.9 70.7 46.9 113.1v11c17.7 0 32 14.3 32 32s-14.3 32-32 32H320 64 32c-17.7 0-32-14.3-32-32s14.3-32 32-32V437c0-42.4 16.9-83.1 46.9-113.1L146.7 256 78.9 188.1C48.9 158.1 32 117.4 32 75V64C14.3 64 0 49.7 0 32zM96 64V75c0 25.5 10.1 49.9 28.1 67.9L192 210.7l67.9-67.9c18-18 28.1-42.4 28.1-67.9V64H96zm0 384H288V437c0-25.5-10.1-49.9-28.1-67.9L192 301.3l-67.9 67.9c-18 18-28.1 42.4-28.1 67.9v11z",
              "fill": "currentColor",
              "style": Object {},
            },
            "rendered": Array [],
            "type": "path",
          },
        ],
        "type": "svg",
      },
      Object {
        "instance": null,
        "nodeType": "host",
        "props": Object {
          "children": "35s",
          "className": "mx-1",
        },
        "rendered": Array [
          "35s",
        ],
        "type": "span",
      },
    ],
    "type": "button",
  },
  "type": [Function],
}
`;

exports[`RestBtn should render readonly 1`] = `
Object {
  "instance": null,
  "nodeType": "component",
  "props": Object {
    "readOnly": true,
    "restSeconds": 35,
  },
  "rendered": Object {
    "instance": null,
    "nodeType": "host",
    "props": Object {
      "children": Array [
        <FontAwesomeIcon
          beat={false}
          beatFade={false}
          border={false}
          bounce={false}
          className=""
          fade={false}
          fixedWidth={false}
          flip={false}
          icon={
            Object {
              "icon": Array [
                384,
                512,
                Array [
                  9203,
                  62032,
                  "hourglass-empty",
                ],
                "f254",
                "M0 32C0 14.3 14.3 0 32 0H64 320h32c17.7 0 32 14.3 32 32s-14.3 32-32 32V75c0 42.4-16.9 83.1-46.9 113.1L237.3 256l67.9 67.9c30 30 46.9 70.7 46.9 113.1v11c17.7 0 32 14.3 32 32s-14.3 32-32 32H320 64 32c-17.7 0-32-14.3-32-32s14.3-32 32-32V437c0-42.4 16.9-83.1 46.9-113.1L146.7 256 78.9 188.1C48.9 158.1 32 117.4 32 75V64C14.3 64 0 49.7 0 32zM96 64V75c0 25.5 10.1 49.9 28.1 67.9L192 210.7l67.9-67.9c18-18 28.1-42.4 28.1-67.9V64H96zm0 384H288V437c0-25.5-10.1-49.9-28.1-67.9L192 301.3l-67.9 67.9c-18 18-28.1 42.4-28.1 67.9v11z",
              ],
              "iconName": "hourglass",
              "prefix": "fas",
            }
          }
          inverse={false}
          listItem={false}
          mask={null}
          maskId={null}
          pull={null}
          pulse={false}
          rotation={null}
          shake={false}
          size="xs"
          spin={false}
          spinPulse={false}
          spinReverse={false}
          swapOpacity={false}
          symbol={false}
          title=""
          titleId={null}
          transform={null}
        />,
        <span
          className="mx-1"
        >
          35s
        </span>,
      ],
      "className": "m-1 rounded-full text-white  enabled:hover:scale-110 hover:bg-ecru hover:text-white bg-chinarose py-1 px-2 md:p-3 md:px-3 transition   leading-5 focus:outline-none disabled:bg-gray-400",
      "disabled": true,
      "onClick": [Function],
    },
    "rendered": Array [
      Object {
        "instance": null,
        "nodeType": "host",
        "props": Object {
          "aria-hidden": "true",
          "children": <path
            d="M0 32C0 14.3 14.3 0 32 0H64 320h32c17.7 0 32 14.3 32 32s-14.3 32-32 32V75c0 42.4-16.9 83.1-46.9 113.1L237.3 256l67.9 67.9c30 30 46.9 70.7 46.9 113.1v11c17.7 0 32 14.3 32 32s-14.3 32-32 32H320 64 32c-17.7 0-32-14.3-32-32s14.3-32 32-32V437c0-42.4 16.9-83.1 46.9-113.1L146.7 256 78.9 188.1C48.9 158.1 32 117.4 32 75V64C14.3 64 0 49.7 0 32zM96 64V75c0 25.5 10.1 49.9 28.1 67.9L192 210.7l67.9-67.9c18-18 28.1-42.4 28.1-67.9V64H96zm0 384H288V437c0-25.5-10.1-49.9-28.1-67.9L192 301.3l-67.9 67.9c-18 18-28.1 42.4-28.1 67.9v11z"
            fill="currentColor"
            style={Object {}}
          />,
          "className": "svg-inline--fa fa-hourglass fa-xs ",
          "data-icon": "hourglass",
          "data-prefix": "fas",
          "focusable": "false",
          "role": "img",
          "style": Object {},
          "viewBox": "0 0 384 512",
          "xmlns": "http://www.w3.org/2000/svg",
        },
        "rendered": Array [
          Object {
            "instance": null,
            "nodeType": "host",
            "props": Object {
              "d": "M0 32C0 14.3 14.3 0 32 0H64 320h32c17.7 0 32 14.3 32 32s-14.3 32-32 32V75c0 42.4-16.9 83.1-46.9 113.1L237.3 256l67.9 67.9c30 30 46.9 70.7 46.9 113.1v11c17.7 0 32 14.3 32 32s-14.3 32-32 32H320 64 32c-17.7 0-32-14.3-32-32s14.3-32 32-32V437c0-42.4 16.9-83.1 46.9-113.1L146.7 256 78.9 188.1C48.9 158.1 32 117.4 32 75V64C14.3 64 0 49.7 0 32zM96 64V75c0 25.5 10.1 49.9 28.1 67.9L192 210.7l67.9-67.9c18-18 28.1-42.4 28.1-67.9V64H96zm0 384H288V437c0-25.5-10.1-49.9-28.1-67.9L192 301.3l-67.9 67.9c-18 18-28.1 42.4-28.1 67.9v11z",
              "fill": "currentColor",
              "style": Object {},
            },
            "rendered": Array [],
            "type": "path",
          },
        ],
        "type": "svg",
      },
      Object {
        "instance": null,
        "nodeType": "host",
        "props": Object {
          "children": "35s",
          "className": "mx-1",
        },
        "rendered": Array [
          "35s",
        ],
        "type": "span",
      },
    ],
    "type": "button",
  },
  "type": [Function],
}
`;
