// Jest Snapshot v1, https://goo.gl/fbAQLP

exports[`ExerciseTitle should render 1`] = `
<div>
  <h2
    className="text-2xl hover:scale-105 duration-300"
  >
    <strong
      className="text-gunmetal"
    >
      <svg
        aria-hidden="true"
        className="svg-inline--fa fa-hashtag fa-lg "
        data-icon="hashtag"
        data-prefix="fas"
        focusable="false"
        role="img"
        style={Object {}}
        viewBox="0 0 448 512"
        xmlns="http://www.w3.org/2000/svg"
      >
        <path
          d="M181.3 32.4c17.4 2.9 29.2 19.4 26.3 36.8L197.8 128h95.1l11.5-69.3c2.9-17.4 19.4-29.2 36.8-26.3s29.2 19.4 26.3 36.8L357.8 128H416c17.7 0 32 14.3 32 32s-14.3 32-32 32H347.1L325.8 320H384c17.7 0 32 14.3 32 32s-14.3 32-32 32H315.1l-11.5 69.3c-2.9 17.4-19.4 29.2-36.8 26.3s-29.2-19.4-26.3-36.8l9.8-58.7H155.1l-11.5 69.3c-2.9 17.4-19.4 29.2-36.8 26.3s-29.2-19.4-26.3-36.8L90.2 384H32c-17.7 0-32-14.3-32-32s14.3-32 32-32h68.9l21.3-128H64c-17.7 0-32-14.3-32-32s14.3-32 32-32h68.9l11.5-69.3c2.9-17.4 19.4-29.2 36.8-26.3zM187.1 192L165.8 320h95.1l21.3-128H187.1z"
          fill="currentColor"
          style={Object {}}
        />
      </svg>
      654
    </strong>
     
    <span
      className="text-cordovan hover:text-ecru duration-300"
      onClick={[Function]}
    >
      Test exercise
    </span>
  </h2>
</div>
`;
